(round 30 reply (pong #<pid 2>))
(round 29 reply (pong #<pid 2>))
(round 28 reply (pong #<pid 2>))
(round 27 reply (pong #<pid 2>))
(round 26 reply (pong #<pid 2>))
(round 25 reply (pong #<pid 2>))
(round 24 reply (pong #<pid 2>))
(round 23 reply (pong #<pid 2>))
(round 22 reply (pong #<pid 2>))
(round 21 reply (pong #<pid 2>))
(round 20 reply (pong #<pid 2>))
(round 19 reply (pong #<pid 2>))
(round 18 reply (pong #<pid 2>))
(round 17 reply (pong #<pid 2>))
(round 16 reply (pong #<pid 2>))
(round 15 reply (pong #<pid 2>))
(round 14 reply (pong #<pid 2>))
(round 13 reply (pong #<pid 2>))
(round 12 reply (pong #<pid 2>))
(round 11 reply (pong #<pid 2>))
(round 10 reply (pong #<pid 2>))
(round 9 reply (pong #<pid 2>))
(round 8 reply (pong #<pid 2>))
(round 7 reply (pong #<pid 2>))
(round 6 reply (pong #<pid 2>))
(round 5 reply (pong #<pid 2>))
(round 4 reply (pong #<pid 2>))
(round 3 reply (pong #<pid 2>))
(round 2 reply (pong #<pid 2>))
(round 1 reply (pong #<pid 2>))
((ok ping-done) (ok pong-done))
