(ok written)
(ok ("one" "two" "from another process, 42 sym (1 "two")"))
(ok written)
(ok ("one" "two" "from another process, 42 sym (1 "two")" "three"))
(ok written)
(ok ("only this"))
dead letter: (bogus 1) (connect at t/146-fs-write.slight:50:15)
dead letter: write (connect at t/146-fs-write.slight:50:15)
(ok sent)
(ok ("only this"))
()
