fault in #<pid 2>: out of range: 70000 (connect at t/151-tcp-errors.slight:10:21)
(error (out-of-range 70000 "connect at t/151-tcp-errors.slight:10:21"))
fault in #<pid 3>: not an integer: "80" (connect at t/151-tcp-errors.slight:11:21)
(error (not-an-int "80" "connect at t/151-tcp-errors.slight:11:21"))
fault in #<pid 4>: not a string: 80 (connect at t/151-tcp-errors.slight:12:21)
(error (not-a-string 80 "connect at t/151-tcp-errors.slight:12:21"))
fault in #<pid 5>: not a pid: 5 (connect at t/151-tcp-errors.slight:13:21)
(error (not-a-pid 5 "connect at t/151-tcp-errors.slight:13:21"))
fault in #<pid 6>: not a device: #<pid 6> (connect at t/151-tcp-errors.slight:14:21)
(error (not-a-device #<pid 6> "connect at t/151-tcp-errors.slight:14:21"))
(error eaddrinuse #true)
dead letter: (write "nope") (connect at t/151-tcp-errors.slight:29:15)
(ok (error econnrefused #true))
(error (enotfound "localhost"))
(error (enotfound "localhost:notaport"))
()
