(0 1 0 (0))
(127 1 127 (127))
(128 2 128 (194 128))
(2047 2 2047 (223 191))
(2048 3 2048 (224 160 128))
(55295 3 55295 (237 159 191))
(57344 3 57344 (238 128 128))
(65533 3 65533 (239 191 189))
(65535 3 65535 (239 191 191))
(65536 4 65536 (240 144 128 128))
(1114111 4 1114111 (244 143 191 191))
26085
(115 108 105 103 104 116)
"日本語"
(#true #true)
(128512 "λ")
("a" "é" "😀")
"λ"
294
fault in #<pid 2>: out of range: "" (utf8/code at t/166-ord-chr.slight:23:21)
out-of-range
fault in #<pid 3>: out of range: -1 (utf8/char at t/166-ord-chr.slight:24:21)
out-of-range
fault in #<pid 4>: out of range: 55296 (utf8/char at t/166-ord-chr.slight:25:21)
out-of-range
fault in #<pid 5>: out of range: 57343 (utf8/char at t/166-ord-chr.slight:26:21)
out-of-range
fault in #<pid 6>: out of range: 1114112 (utf8/char at t/166-ord-chr.slight:27:21)
out-of-range
fault in #<pid 7>: not an integer: "a" (utf8/char at t/166-ord-chr.slight:28:21)
not-an-int
fault in #<pid 8>: not a string: 97 (utf8/code at t/166-ord-chr.slight:29:21)
not-a-string
fault in #<pid 9>: not a string: 5 (utf8/len at t/166-ord-chr.slight:30:21)
not-a-string
fault in #<pid 10>: not an integer: "x" (utf8/substring at t/166-ord-chr.slight:31:21)
not-an-int
fault in #<pid 11>: not a string: a (utf8/index-of at t/166-ord-chr.slight:32:21)
not-a-string
fault in #<pid 12>: not a string: () (utf8/chars at t/166-ord-chr.slight:33:21)
not-a-string
fault in #<pid 13>: not a string: 1.5 (utf8/valid? at t/166-ord-chr.slight:34:13)
not-a-string
