((open) (line "first") (line "  second, indented") (line "") (line "last, with no newline at the end") (eof))
((open) (chunk "first\n  second, indented\n\nlast, with no newline at the end") (eof))
((open) (chunk "first\n") (line "  second, indented") (chunk "\nlast") (line ", with no newline at the end") (eof))
((open) (line "first") (chunk "  second, indented\n\nlast, with no newline at the end") (eof))
((open) (chunk "") (line "first") (line "  second, indented") (line "") (line "last, with no newline at the end") (eof))
((open) (chunk "fir") (chunk "st\n  second, indented\n\nlast, with no newline at the end") (eof))
((open) (chunk "fir") (chunk "st\n  second, indented\n\nlast, with no newline at the end") (eof))
((open) (chunk "first\n") (line "  second, indented") (line "") (line "last, with no newline at the end") (eof))
((open) (chunk "first\n  s") (line "econd, indented") (line "") (line "last, with no newline at the end") (eof))
dead letter: (read words) (connect at t/170-read-chunks.slight:15:17)
dead letter: (read -1) (connect at t/170-read-chunks.slight:15:17)
dead letter: (read 2.5) (connect at t/170-read-chunks.slight:15:17)
((open) (line "first") (line "  second, indented") (line "") (line "last, with no newline at the end") (eof))
dead letter: (read) (connect at t/170-read-chunks.slight:65:15)
dead letter: (read 1 2) (connect at t/170-read-chunks.slight:65:15)
dead letter: read (connect at t/170-read-chunks.slight:65:15)
(ok poked)
dead letter: (read lines) (connect at t/170-read-chunks.slight:66:15)
(ok poked)
()
