(ok (object ("a" (1 2.5 "é")) ("b" (object ("c" null) ("d" #false))) ("e" #true)))
(ok (object ("a" 1) ("a" 2)))
(ok (() (object) ((object))))
(ok (1))
(ok "top")
(ok (0 0 4611686018427387903 4611686018427388000.0 -4611686018427387904 -4611686018427388000.0))
(ok (1.0 -0.0 100.0 0.01 2500.0 0.1 1.2345678901234568e+29))
(ok (inf -inf 0.0))
(ok -2500.0)
(34 92 47 8 12 10 13 9)
(65 233 8364 128512 0)
(65533 124 65533 124 65533 65 124 1114111 124 65533 65536)
(255 128 65)
(131071 #true)
(error (bad-json 131072))
(error (bad-json 0))
(error (bad-json 3))
(error (bad-json 1))
(error (bad-json 3))
(error (bad-json 3))
(error (bad-json 1))
(error (bad-json 0))
(error (bad-json 5))
(error (bad-json 7))
(error (bad-json 1))
(error (bad-json 5))
(error (bad-json 7))
(error (bad-json 6))
(error (bad-json 2))
(error (bad-json 1))
(error (bad-json 1))
(error (bad-json 1))
(error (bad-json 2))
(error (bad-json 2))
(error (bad-json 2))
(error (bad-json 3))
(error (bad-json 0))
(error (bad-json 0))
(error (bad-json 1))
(error (bad-json 2))
(error (bad-json 3))
(error (bad-json 3))
(error (bad-json 0))
(error (bad-json 3))
(error (bad-json 0))
(error (bad-json 0))
(error (bad-json 4))
(error (bad-json 2))
(error (bad-json 5))
(error (bad-json 6))
(error (bad-json 4))
(error (bad-json 4))
(error (bad-json 7))
(error (bad-json 0))
(error (bad-json 3))
(error (bad-json 2))
(error (bad-json 5))
(error (bad-json 20))
(error (bad-json 4))
(error (bad-json 2))
(error (bad-json 3))
(error (bad-json 4))
(error (bad-json 3))
(error (bad-json 4))
(error (bad-json 2))
(error (bad-json 2))
(error (bad-json 1))
(error (bad-json 0))
(error (bad-json 1))
fault in #<pid 4>: not a string: 5 (json/parse at t/175-json-parse.slight:64:21)
(error (not-a-string 5 "json/parse at t/175-json-parse.slight:64:21"))
()
