i_number_double_huge_neg_exp.json ok
i_number_huge_exp.json ok
i_number_neg_int_huge_exp.json ok
i_number_pos_double_huge_exp.json ok
i_number_real_neg_overflow.json ok
i_number_real_pos_overflow.json ok
i_number_real_underflow.json ok
i_number_too_big_neg_int.json ok
i_number_too_big_pos_int.json ok
i_number_very_big_negative_int.json ok
i_object_key_lone_2nd_surrogate.json ok
i_string_1st_surrogate_but_2nd_missing.json ok
i_string_1st_valid_surrogate_2nd_invalid.json ok
i_string_UTF-16LE_with_BOM.json error
i_string_UTF-8_invalid_sequence.json ok
i_string_UTF8_surrogate_U+D800.json ok
i_string_incomplete_surrogate_and_escape_valid.json ok
i_string_incomplete_surrogate_pair.json ok
i_string_incomplete_surrogates_escape_valid.json ok
i_string_invalid_lonely_surrogate.json ok
i_string_invalid_surrogate.json ok
i_string_invalid_utf-8.json ok
i_string_inverted_surrogates_U+1D11E.json ok
i_string_iso_latin_1.json ok
i_string_lone_second_surrogate.json ok
i_string_lone_utf8_continuation_byte.json ok
i_string_not_in_unicode_range.json ok
i_string_overlong_sequence_2_bytes.json ok
i_string_overlong_sequence_6_bytes.json ok
i_string_overlong_sequence_6_bytes_null.json ok
i_string_truncated-utf-8.json ok
i_string_utf16BE_no_BOM.json error
i_string_utf16LE_no_BOM.json error
i_structure_500_nested_arrays.json ok
i_structure_UTF-8_BOM_empty_object.json error
n_array_1_true_without_comma.json error
n_array_a_invalid_utf8.json error
n_array_colon_instead_of_comma.json error
n_array_comma_after_close.json error
n_array_comma_and_number.json error
n_array_double_comma.json error
n_array_double_extra_comma.json error
n_array_extra_close.json error
n_array_extra_comma.json error
n_array_incomplete.json error
n_array_incomplete_invalid_value.json error
n_array_inner_array_no_comma.json error
n_array_invalid_utf8.json error
n_array_items_separated_by_semicolon.json error
n_array_just_comma.json error
n_array_just_minus.json error
n_array_missing_value.json error
n_array_newlines_unclosed.json error
n_array_number_and_comma.json error
n_array_number_and_several_commas.json error
n_array_spaces_vertical_tab_formfeed.json error
n_array_star_inside.json error
n_array_unclosed.json error
n_array_unclosed_trailing_comma.json error
n_array_unclosed_with_new_lines.json error
n_array_unclosed_with_object_inside.json error
n_incomplete_false.json error
n_incomplete_null.json error
n_incomplete_true.json error
n_multidigit_number_then_00.json error
n_number_++.json error
n_number_+1.json error
n_number_+Inf.json error
n_number_-01.json error
n_number_-1.0..json error
n_number_-2..json error
n_number_-NaN.json error
n_number_.-1.json error
n_number_.2e-3.json error
n_number_0.1.2.json error
n_number_0.3e+.json error
n_number_0.3e.json error
n_number_0.e1.json error
n_number_0_capital_E+.json error
n_number_0_capital_E.json error
n_number_0e+.json error
n_number_0e.json error
n_number_1.0e+.json error
n_number_1.0e-.json error
n_number_1.0e.json error
n_number_1_000.json error
n_number_1eE2.json error
n_number_2.e+3.json error
n_number_2.e-3.json error
n_number_2.e3.json error
n_number_9.e+.json error
n_number_Inf.json error
n_number_NaN.json error
n_number_U+FF11_fullwidth_digit_one.json error
n_number_expression.json error
n_number_hex_1_digit.json error
n_number_hex_2_digits.json error
n_number_infinity.json error
n_number_invalid+-.json error
n_number_invalid-negative-real.json error
n_number_invalid-utf-8-in-bigger-int.json error
n_number_invalid-utf-8-in-exponent.json error
n_number_invalid-utf-8-in-int.json error
n_number_minus_infinity.json error
n_number_minus_sign_with_trailing_garbage.json error
n_number_minus_space_1.json error
n_number_neg_int_starting_with_zero.json error
n_number_neg_real_without_int_part.json error
n_number_neg_with_garbage_at_end.json error
n_number_real_garbage_after_e.json error
n_number_real_with_invalid_utf8_after_e.json error
n_number_real_without_fractional_part.json error
n_number_starting_with_dot.json error
n_number_with_alpha.json error
n_number_with_alpha_char.json error
n_number_with_leading_zero.json error
n_object_bad_value.json error
n_object_bracket_key.json error
n_object_comma_instead_of_colon.json error
n_object_double_colon.json error
n_object_emoji.json error
n_object_garbage_at_end.json error
n_object_key_with_single_quotes.json error
n_object_lone_continuation_byte_in_key_and_trailing_comma.json error
n_object_missing_colon.json error
n_object_missing_key.json error
n_object_missing_semicolon.json error
n_object_missing_value.json error
n_object_no-colon.json error
n_object_non_string_key.json error
n_object_non_string_key_but_huge_number_instead.json error
n_object_repeated_null_null.json error
n_object_several_trailing_commas.json error
n_object_single_quote.json error
n_object_trailing_comma.json error
n_object_trailing_comment.json error
n_object_trailing_comment_open.json error
n_object_trailing_comment_slash_open.json error
n_object_trailing_comment_slash_open_incomplete.json error
n_object_two_commas_in_a_row.json error
n_object_unquoted_key.json error
n_object_unterminated-value.json error
n_object_with_single_string.json error
n_object_with_trailing_garbage.json error
n_single_space.json error
n_string_1_surrogate_then_escape.json error
n_string_1_surrogate_then_escape_u.json error
n_string_1_surrogate_then_escape_u1.json error
n_string_1_surrogate_then_escape_u1x.json error
n_string_accentuated_char_no_quotes.json error
n_string_backslash_00.json error
n_string_escape_x.json error
n_string_escaped_backslash_bad.json error
n_string_escaped_ctrl_char_tab.json error
n_string_escaped_emoji.json error
n_string_incomplete_escape.json error
n_string_incomplete_escaped_character.json error
n_string_incomplete_surrogate.json error
n_string_incomplete_surrogate_escape_invalid.json error
n_string_invalid-utf-8-in-escape.json error
n_string_invalid_backslash_esc.json error
n_string_invalid_unicode_escape.json error
n_string_invalid_utf8_after_escape.json error
n_string_leading_uescaped_thinspace.json error
n_string_no_quotes_with_bad_escape.json error
n_string_single_doublequote.json error
n_string_single_quote.json error
n_string_single_string_no_double_quotes.json error
n_string_start_escape_unclosed.json error
n_string_unescaped_ctrl_char.json error
n_string_unescaped_newline.json error
n_string_unescaped_tab.json error
n_string_unicode_CapitalU.json error
n_string_with_trailing_garbage.json error
n_structure_100000_opening_arrays.json error
n_structure_U+2060_word_joined.json error
n_structure_UTF8_BOM_no_data.json error
n_structure_angle_bracket_..json error
n_structure_angle_bracket_null.json error
n_structure_array_trailing_garbage.json error
n_structure_array_with_extra_array_close.json error
n_structure_array_with_unclosed_string.json error
n_structure_ascii-unicode-identifier.json error
n_structure_capitalized_True.json error
n_structure_close_unopened_array.json error
n_structure_comma_instead_of_closing_brace.json error
n_structure_double_array.json error
n_structure_end_array.json error
n_structure_incomplete_UTF8_BOM.json error
n_structure_lone-invalid-utf-8.json error
n_structure_lone-open-bracket.json error
n_structure_no_data.json error
n_structure_null-byte-outside-string.json error
n_structure_number_with_trailing_garbage.json error
n_structure_object_followed_by_closing_object.json error
n_structure_object_unclosed_no_value.json error
n_structure_object_with_comment.json error
n_structure_object_with_trailing_garbage.json error
n_structure_open_array_apostrophe.json error
n_structure_open_array_comma.json error
n_structure_open_array_object.json error
n_structure_open_array_open_object.json error
n_structure_open_array_open_string.json error
n_structure_open_array_string.json error
n_structure_open_object.json error
n_structure_open_object_close_array.json error
n_structure_open_object_comma.json error
n_structure_open_object_open_array.json error
n_structure_open_object_open_string.json error
n_structure_open_object_string_with_apostrophes.json error
n_structure_open_open.json error
n_structure_single_eacute.json error
n_structure_single_star.json error
n_structure_trailing_#.json error
n_structure_uescaped_LF_before_string.json error
n_structure_unclosed_array.json error
n_structure_unclosed_array_partial_null.json error
n_structure_unclosed_array_unfinished_false.json error
n_structure_unclosed_array_unfinished_true.json error
n_structure_unclosed_object.json error
n_structure_unicode-identifier.json error
n_structure_whitespace_U+2060_word_joiner.json error
n_structure_whitespace_formfeed.json error
y_array_arraysWithSpaces.json ok [[]]
y_array_empty-string.json ok [""]
y_array_empty.json ok []
y_array_ending_with_newline.json ok ["a"]
y_array_false.json ok [false]
y_array_heterogeneous.json ok [null,1,"1",{}]
y_array_null.json ok [null]
y_array_with_1_and_newline.json ok [1]
y_array_with_leading_space.json ok [1]
y_array_with_several_null.json ok [1,null,null,null,2]
y_array_with_trailing_space.json ok [2]
y_number.json ok [1.23e+67]
y_number_0e+1.json ok [0.0]
y_number_0e1.json ok [0.0]
y_number_after_space.json ok [4]
y_number_double_close_to_zero.json ok [-1e-78]
y_number_int_with_exp.json ok [200.0]
y_number_minus_zero.json ok [0]
y_number_negative_int.json ok [-123]
y_number_negative_one.json ok [-1]
y_number_negative_zero.json ok [0]
y_number_real_capital_e.json ok [1e+22]
y_number_real_capital_e_neg_exp.json ok [0.01]
y_number_real_capital_e_pos_exp.json ok [100.0]
y_number_real_exponent.json ok [1.23e+47]
y_number_real_fraction_exponent.json ok [1.23456e+80]
y_number_real_neg_exp.json ok [0.01]
y_number_real_pos_exponent.json ok [100.0]
y_number_simple_int.json ok [123]
y_number_simple_real.json ok [123.456789]
y_object.json ok {"asd":"sdf","dfg":"fgh"}
y_object_basic.json ok {"asd":"sdf"}
y_object_duplicated_key.json ok {"a":"b","a":"c"}
y_object_duplicated_key_and_value.json ok {"a":"b","a":"b"}
y_object_empty.json ok {}
y_object_empty_key.json ok {"":0}
y_object_escaped_null_in_key.json ok {"foo\u0000bar":42}
y_object_extreme_numbers.json ok {"min":-1e+28,"max":1e+28}
y_object_long_strings.json ok {"x":[{"id":"xxxxxxxxxxxxxxxxxxxxxxxxxxxxxxxxxxxxxxxx"}],"id":"xxxxxxxxxxxxxxxxxxxxxxxxxxxxxxxxxxxxxxxx"}
y_object_simple.json ok {"a":[]}
y_object_string_unicode.json ok {"title":"Полтора Землекопа"}
y_object_with_newlines.json ok {"a":"b"}
y_string_1_2_3_bytes_UTF-8_sequences.json ok ["`Īካ"]
y_string_accepted_surrogate_pair.json ok ["𐐷"]
y_string_accepted_surrogate_pairs.json ok ["😹💍"]
y_string_allowed_escapes.json ok ["\"\\/\b\f\n\r\t"]
y_string_backslash_and_u_escaped_zero.json ok ["\\u0000"]
y_string_backslash_doublequotes.json ok ["\""]
y_string_comments.json ok ["a/*b*/c/*d//e"]
y_string_double_escape_a.json ok ["\\a"]
y_string_double_escape_n.json ok ["\\n"]
y_string_escaped_control_character.json ok ["\u0012"]
y_string_escaped_noncharacter.json ok ["￿"]
y_string_in_array.json ok ["asd"]
y_string_in_array_with_leading_space.json ok ["asd"]
y_string_last_surrogates_1_and_2.json ok ["􏿿"]
y_string_nbsp_uescaped.json ok ["new line"]
y_string_nonCharacterInUTF-8_U+10FFFF.json ok ["􏿿"]
y_string_nonCharacterInUTF-8_U+FFFF.json ok ["￿"]
y_string_null_escape.json ok ["\u0000"]
y_string_one-byte-utf-8.json ok [","]
y_string_pi.json ok ["π"]
y_string_reservedCharacterInUTF-8_U+1BFFF.json ok ["𛿿"]
y_string_simple_ascii.json ok ["asd "]
y_string_space.json ok " "
y_string_surrogates_U+1D11E_MUSICAL_SYMBOL_G_CLEF.json ok ["𝄞"]
y_string_three-byte-utf-8.json ok ["ࠡ"]
y_string_two-byte-utf-8.json ok ["ģ"]
y_string_u+2028_line_sep.json ok [" "]
y_string_u+2029_par_sep.json ok [" "]
y_string_uEscape.json ok ["aクリス"]
y_string_uescaped_newline.json ok ["new\nline"]
y_string_unescaped_char_delete.json ok [""]
y_string_unicode.json ok ["ꙭ"]
y_string_unicodeEscapedBackslash.json ok ["\\"]
y_string_unicode_2.json ok ["⍂㈴⍂"]
y_string_unicode_U+10FFFE_nonchar.json ok ["􏿾"]
y_string_unicode_U+1FFFE_nonchar.json ok ["🿾"]
y_string_unicode_U+200B_ZERO_WIDTH_SPACE.json ok ["​"]
y_string_unicode_U+2064_invisible_plus.json ok ["⁤"]
y_string_unicode_U+FDD0_nonchar.json ok ["﷐"]
y_string_unicode_U+FFFE_nonchar.json ok ["￾"]
y_string_unicode_escaped_double_quote.json ok ["\""]
y_string_utf8.json ok ["€𝄞"]
y_string_with_del_character.json ok ["aa"]
y_structure_lonely_false.json ok false
y_structure_lonely_int.json ok 42
y_structure_lonely_negative_real.json ok -0.1
y_structure_lonely_null.json ok null
y_structure_lonely_string.json ok "asd"
y_structure_lonely_true.json ok true
y_structure_string_empty.json ok ""
y_structure_trailing_newline.json ok ["a"]
y_structure_true_in_array.json ok [true]
y_structure_whitespace_array.json ok []
(devices-agree #true)
()
