(ok (alpha beta (quote gamma) #true #false () "s"))
(ok ((symbol "zebra") (symbol "okapi") (quote (symbol "zebra"))))
(ok (alpha beta))
(ok (quote (quote alpha)))
(ok (quote (alpha (quote beta))))
(ok "top")
(ok ((()) (() ())))
(ok (1 -2 0 4611686018427387903 -4611686018427387904 4611686018427388000.0))
(ok (1.0 -0.0 1500.0 2e-8 325.0 inf))
(ok ((symbol "1e3") (symbol ".5") (symbol "1.") (symbol "-") (symbol "-x") (symbol "a.b") (symbol "x:y")))
(34 92 10 9 13 27)
(65 233 8364 128512 0)
(116 119 111 10 108 105 110 101 115)
(255 128 65)
(131071 #true)
(error (bad-sexp 131072))
(error (bad-sexp 0))
(error (bad-sexp 3))
(error (bad-sexp 1))
(error (bad-sexp 0))
(error (bad-sexp 11))
(error (bad-sexp 7))
(error (bad-sexp 6))
(error (bad-sexp 4))
(error (bad-sexp 3))
(error (bad-sexp 3))
(error (bad-sexp 4))
(error (bad-sexp 9))
(error (bad-sexp 8))
(error (bad-sexp 10))
(error (bad-sexp 6))
(error (bad-sexp 2))
(error (bad-sexp 2))
(error (bad-sexp 5))
(error (bad-sexp 1))
(error (bad-sexp 1))
(error (bad-sexp 1))
(error (bad-sexp 1))
(error (bad-sexp 3))
(error (bad-sexp 4))
(error (bad-sexp 1))
(error (bad-sexp 1))
(error (bad-sexp 1))
(error (bad-sexp 8))
(error (bad-sexp 0))
(error (bad-sexp 7))
(error (bad-sexp 1))
(error (bad-sexp 8))
(error (bad-sexp 16))
(error (bad-sexp 16))
(error (bad-sexp 5))
(error (bad-sexp 3))
(error (bad-sexp 7))
(error (bad-sexp 19))
(error (bad-sexp 5))
fault in #<pid 4>: not a string: 5 (sexp/parse at t/180-sexp-parse.slight:62:21)
(error (not-a-string 5 "sexp/parse at t/180-sexp-parse.slight:62:21"))
()
