(1 -2 0 4611686018427387903 -4611686018427387904)
(1.0 -0.0 0.1 100.0 1.0e+21 1.5e-7 1.0e-7 123456.789 0.3333333333333333 5.0e-324 1.7976931348623157e+308)
"q\"b\\\n\t\r\e\u{0}\u{1}\u{1f}\u{7f}é😀"
(alpha beta #true #false (quote gamma) ())
(zebra (symbol "two words") (symbol "12") (symbol "") (symbol ":k") (symbol "#x") (symbol ".") (symbol "a(b") (symbol "x" "y"))
(#true #true #true #true #true #true)
fault in #<pid 2>: not data: #<pid 1> (sexp/print at t/181-sexp-print.slight:35:28)
(error (not-sexp #<pid 1> "sexp/print at t/181-sexp-print.slight:35:28"))
fault in #<pid 3>: not data: #<function car> (sexp/print at t/181-sexp-print.slight:35:28)
(error (not-sexp #<function car> "sexp/print at t/181-sexp-print.slight:35:28"))
fault in #<pid 4>: not data: nan (sexp/print at t/181-sexp-print.slight:35:28)
(error (not-sexp nan "sexp/print at t/181-sexp-print.slight:35:28"))
fault in #<pid 5>: not data: inf (sexp/print at t/181-sexp-print.slight:35:28)
(error (not-sexp inf "sexp/print at t/181-sexp-print.slight:35:28"))
fault in #<pid 6>: not data: -inf (sexp/print at t/181-sexp-print.slight:35:28)
(error (not-sexp -inf "sexp/print at t/181-sexp-print.slight:35:28"))
()
