(1 doc "# Doc blocks")
(13 let)
(15 doc "## What it prints")
(22 defun)
(29 defun)
(35 map)
(36 pprint)
(39 pprint)
(46 pprint)
(47 pprint)
(48 pprint)
(49 pprint)
(50 pprint)
(51 pprint)
(52 pprint)
(54 doc "The last block has no =cut: the end of the file ends it.")
(ok (let defun defun map pprint pprint pprint pprint pprint pprint pprint pprint pprint))
(before =doc after)
(ok ((symbol "data")))
(ok (quote =doc))
(error (bad-sexp 1))
(error (bad-sexp 8))
(error (bad-sexp 5))
(error (bad-sexp 3))
(error (bad-sexp 7))
()
