("alias.test" "echo: hi")
("other.test" "echo: hi")
("Other.Test" "echo: hi")
("localhost" "echo: hi")
("one.test" "echo: hi")
("cname.test" "echo: hi")
("short" "echo: hi")
("abs.test." "echo: hi")
("empty.test" enotfound)
("none.test" enotfound)
("ip6only.test" enotfound)
("fail.test" etimedout)
("slow.test" etimedout)
("udp.test" etimedout)
("one.test" "cname.test" "short.test" "abs.test" "empty.test" "empty.test.test" "none.test" "none.test.test" "ip6only.test" "ip6only.test.test" "fail.test" "fail.test" "fail.test" "slow.test" "slow.test" "slow.test")
()
